Archive member included because of file (symbol)

.\ARM_GCC_493\Debug\CE95352 Blinking LED.a(cyfitter_cfg.o)
                              .\ARM_GCC_493\Debug\Cm3Start.o (cyfitter_cfg)
.\ARM_GCC_493\Debug\CE95352 Blinking LED.a(CyBootAsmGnu.o)
                              .\ARM_GCC_493\Debug\CE95352 Blinking LED.a(cyfitter_cfg.o) (CyDelayCycles)
.\ARM_GCC_493\Debug\CE95352 Blinking LED.a(CyLib.o)
                              .\ARM_GCC_493\Debug\Cm3Start.o (CyResetStatus)
.\ARM_GCC_493\Debug\CE95352 Blinking LED.a(cyPm.o)
                              .\ARM_GCC_493\Debug\CE95352 Blinking LED.a(CyLib.o) (CyPmReadStatus)
.\ARM_GCC_493\Debug\CE95352 Blinking LED.a(LCD_SPI.o)
                              .\ARM_GCC_493\Debug\gdisp_lld_ILI9341.o (LCD_SPI_Init)
.\ARM_GCC_493\Debug\CE95352 Blinking LED.a(LCD_SPI_INT.o)
                              .\ARM_GCC_493\Debug\CE95352 Blinking LED.a(LCD_SPI.o) (LCD_SPI_TX_ISR)
.\ARM_GCC_493\Debug\CE95352 Blinking LED.a(LCD_SPI_IntClock.o)
                              .\ARM_GCC_493\Debug\CE95352 Blinking LED.a(LCD_SPI.o) (LCD_SPI_IntClock_Start)
.\ARM_GCC_493\Debug\CE95352 Blinking LED.a(Systick_Counter.o)
                              .\ARM_GCC_493\Debug\ugfx_raw32_implementations.o (Systick_Counter_Start)
.\ARM_GCC_493\Debug\CE95352 Blinking LED.a(LCD_DC.o)
                              .\ARM_GCC_493\Debug\gdisp_lld_ILI9341.o (LCD_DC_Write)
.\ARM_GCC_493\Debug\CE95352 Blinking LED.a(LCD_RST.o)
                              .\ARM_GCC_493\Debug\gdisp_lld_ILI9341.o (LCD_RST_Write)
.\ARM_GCC_493\Debug\CE95352 Blinking LED.a(Systick_Timer.o)
                              .\ARM_GCC_493\Debug\ugfx_raw32_implementations.o (Systick_Timer_Start)
.\ARM_GCC_493\Debug\CE95352 Blinking LED.a(CyFlash.o)
                              .\ARM_GCC_493\Debug\CE95352 Blinking LED.a(cyPm.o) (CyFlash_SetWaitCycles)
.\ARM_GCC_493\Debug\CE95352 Blinking LED.a(CySpc.o)
                              .\ARM_GCC_493\Debug\CE95352 Blinking LED.a(CyFlash.o) (CySpcStart)
c:/program files (x86)/cypress/psoc creator/3.3/psoc creator/import/gnu/arm/4.9.3/bin/../lib/gcc/arm-none-eabi/4.9.3/../../../../arm-none-eabi/lib/armv7-m\libg_nano.a(lib_a-errno.o)
                              .\ARM_GCC_493\Debug\Cm3Start.o (__errno)
c:/program files (x86)/cypress/psoc creator/3.3/psoc creator/import/gnu/arm/4.9.3/bin/../lib/gcc/arm-none-eabi/4.9.3/../../../../arm-none-eabi/lib/armv7-m\libg_nano.a(lib_a-exit.o)
                              c:/program files (x86)/cypress/psoc creator/3.3/psoc creator/import/gnu/arm/4.9.3/bin/../lib/gcc/arm-none-eabi/4.9.3/../../../../arm-none-eabi/lib/armv7-m/crt0.o (exit)
c:/program files (x86)/cypress/psoc creator/3.3/psoc creator/import/gnu/arm/4.9.3/bin/../lib/gcc/arm-none-eabi/4.9.3/../../../../arm-none-eabi/lib/armv7-m\libg_nano.a(lib_a-impure.o)
                              c:/program files (x86)/cypress/psoc creator/3.3/psoc creator/import/gnu/arm/4.9.3/bin/../lib/gcc/arm-none-eabi/4.9.3/../../../../arm-none-eabi/lib/armv7-m\libg_nano.a(lib_a-exit.o) (_global_impure_ptr)
c:/program files (x86)/cypress/psoc creator/3.3/psoc creator/import/gnu/arm/4.9.3/bin/../lib/gcc/arm-none-eabi/4.9.3/../../../../arm-none-eabi/lib/armv7-m\libg_nano.a(lib_a-init.o)
                              c:/program files (x86)/cypress/psoc creator/3.3/psoc creator/import/gnu/arm/4.9.3/bin/../lib/gcc/arm-none-eabi/4.9.3/../../../../arm-none-eabi/lib/armv7-m/crt0.o (__libc_init_array)
c:/program files (x86)/cypress/psoc creator/3.3/psoc creator/import/gnu/arm/4.9.3/bin/../lib/gcc/arm-none-eabi/4.9.3/../../../../arm-none-eabi/lib/armv7-m\libg_nano.a(lib_a-memcpy.o)
                              .\ARM_GCC_493\Debug\gfx_mk.o (memcpy)
c:/program files (x86)/cypress/psoc creator/3.3/psoc creator/import/gnu/arm/4.9.3/bin/../lib/gcc/arm-none-eabi/4.9.3/../../../../arm-none-eabi/lib/armv7-m\libg_nano.a(lib_a-memset.o)
                              c:/program files (x86)/cypress/psoc creator/3.3/psoc creator/import/gnu/arm/4.9.3/bin/../lib/gcc/arm-none-eabi/4.9.3/../../../../arm-none-eabi/lib/armv7-m/crt0.o (memset)
c:/program files (x86)/cypress/psoc creator/3.3/psoc creator/import/gnu/arm/4.9.3/bin/../lib/gcc/arm-none-eabi/4.9.3/../../../../arm-none-eabi/lib/armv7-m\libg_nano.a(lib_a-strcmp.o)
                              .\ARM_GCC_493\Debug\gfx_mk.o (strcmp)

Allocating common symbols
Common symbol       size              file

LCD_SPI_swStatusTx  0x1               .\ARM_GCC_493\Debug\CE95352 Blinking LED.a(LCD_SPI.o)
gfileStdIn          0x4               .\ARM_GCC_493\Debug\gfx_mk.o
LCD_SPI_rxBufferRead
                    0x1               .\ARM_GCC_493\Debug\CE95352 Blinking LED.a(LCD_SPI.o)
LCD_SPI_rxBuffer    0x8               .\ARM_GCC_493\Debug\CE95352 Blinking LED.a(LCD_SPI.o)
LCD_SPI_txBufferRead
                    0x1               .\ARM_GCC_493\Debug\CE95352 Blinking LED.a(LCD_SPI.o)
LCD_SPI_txBufferWrite
[...]
Memory Configuration

Name             Origin             Length             Attributes
rom              0x00000000         0x00040000         xr
ram              0x1fff8000         0x00010000         xrw
*default*        0x00000000         0xffffffff

Linker script and memory map

LOAD c:/program files (x86)/cypress/psoc creator/3.3/psoc creator/import/gnu/arm/4.9.3/bin/../lib/gcc/arm-none-eabi/4.9.3/armv7-m/crti.o
LOAD c:/program files (x86)/cypress/psoc creator/3.3/psoc creator/import/gnu/arm/4.9.3/bin/../lib/gcc/arm-none-eabi/4.9.3/armv7-m/crtbegin.o
LOAD c:/program files (x86)/cypress/psoc creator/3.3/psoc creator/import/gnu/arm/4.9.3/bin/../lib/gcc/arm-none-eabi/4.9.3/../../../../arm-none-eabi/lib/armv7-m/crt0.o
START GROUP
LOAD .\ARM_GCC_493\Debug\main.o
LOAD .\ARM_GCC_493\Debug\gfx_mk.o
LOAD .\ARM_GCC_493\Debug\gdisp_lld_ILI9341.o
LOAD .\ARM_GCC_493\Debug\ugfx_raw32_implementations.o
LOAD .\ARM_GCC_493\Debug\cymetadata.o
LOAD .\ARM_GCC_493\Debug\Cm3Start.o
LOAD .\ARM_GCC_493\Debug\CE95352 Blinking LED.a
LOAD C:\Program Files (x86)\Cypress\PSoC Creator\3.3\PSoC Creator\psoc\content\cycomponentlibrary\CyComponentLibrary.cylib\CortexM3\ARM_GCC_493\Debug\CyComponentLibrary.a
END GROUP
START GROUP
LOAD c:/program files (x86)/cypress/psoc creator/3.3/psoc creator/import/gnu/arm/4.9.3/bin/../lib/gcc/arm-none-eabi/4.9.3/armv7-m\libgcc.a
LOAD c:/program files (x86)/cypress/psoc creator/3.3/psoc creator/import/gnu/arm/4.9.3/bin/../lib/gcc/arm-none-eabi/4.9.3/../../../../arm-none-eabi/lib/armv7-m\libg_nano.a
LOAD c:/program files (x86)/cypress/psoc creator/3.3/psoc creator/import/gnu/arm/4.9.3/bin/../lib/gcc/arm-none-eabi/4.9.3/../../../../arm-none-eabi/lib/armv7-m\libc_nano.a
END GROUP
START GROUP
LOAD c:/program files (x86)/cypress/psoc creator/3.3/psoc creator/import/gnu/arm/4.9.3/bin/../lib/gcc/arm-none-eabi/4.9.3/armv7-m\libgcc.a
LOAD c:/program files (x86)/cypress/psoc creator/3.3/psoc creator/import/gnu/arm/4.9.3/bin/../lib/gcc/arm-none-eabi/4.9.3/../../../../arm-none-eabi/lib/armv7-m\libc_nano.a
END GROUP
LOAD c:/program files (x86)/cypress/psoc creator/3.3/psoc creator/import/gnu/arm/4.9.3/bin/../lib/gcc/arm-none-eabi/4.9.3/armv7-m/crtend.o
LOAD c:/program files (x86)/cypress/psoc creator/3.3/psoc creator/import/gnu/arm/4.9.3/bin/../lib/gcc/arm-none-eabi/4.9.3/armv7-m/crtn.o
START GROUP
LOAD c:/program files (x86)/cypress/psoc creator/3.3/psoc creator/import/gnu/arm/4.9.3/bin/../lib/gcc/arm-none-eabi/4.9.3/armv7-m\libgcc.a
LOAD c:/program files (x86)/cypress/psoc creator/3.3/psoc creator/import/gnu/arm/4.9.3/bin/../lib/gcc/arm-none-eabi/4.9.3/../../../../arm-none-eabi/lib/armv7-m\libc.a
LOAD c:/program files (x86)/cypress/psoc creator/3.3/psoc creator/import/gnu/arm/4.9.3/bin/../lib/gcc/arm-none-eabi/4.9.3/../../../../arm-none-eabi/lib/armv7-m\libnosys.a
END GROUP
                0x00000000                CY_APPL_ORIGIN = 0x0
                0x00000100                CY_FLASH_ROW_SIZE = 0x100
                0x00000020                CY_ECC_ROW_SIZE = 0x20
                0x00000000                CY_EE_IN_BTLDR = 0x0
                0x00000000                CY_APPL_LOADABLE = 0x0
                0x00000800                CY_EE_SIZE = 0x800
                0x00000001                CY_APPL_NUM = 0x1
                0x00000001                CY_APPL_MAX = 0x1
                0x00000040                CY_METADATA_SIZE = 0x40
                0x00000000                CY_APPL_LOADABLE = 0x0
                0x00000000                CY_CHECKSUM_EXCLUDE_SIZE = ALIGN (0x0, CY_FLASH_ROW_SIZE)
                0x1fffd210                PROVIDE (__cy_heap_start, _end)
                0x00000001                PROVIDE (__cy_region_num, ((__cy_regions_end - __cy_regions) / 0x10))
                0x20008000                PROVIDE (__cy_stack, (ORIGIN (ram) + 0x10000))
                0x20007800                PROVIDE (__cy_heap_end, (__cy_stack - 0x800))

.cybootloader   0x00000000        0x0
 *(.cybootloader)
                0x00000000                appl1_start = CY_APPL_ORIGIN?CY_APPL_ORIGIN:ALIGN (CY_FLASH_ROW_SIZE)
                0x0001ff00                appl2_start = (appl1_start + ALIGN ((((0x40000 - appl1_start) - (0x2 * CY_FLASH_ROW_SIZE)) / 0x2), CY_FLASH_ROW_SIZE))
                0x00000000                appl_start = (CY_APPL_NUM == 0x1)?appl1_start:appl2_start
                0x00000000                ecc_offset = ((appl_start / CY_FLASH_ROW_SIZE) * CY_ECC_ROW_SIZE)
                0x00000000                ee_offset = (CY_APPL_LOADABLE && ! (CY_EE_IN_BTLDR))?((CY_EE_SIZE / CY_APPL_MAX) * (CY_APPL_NUM - 0x1)):0x0
                0x00000800                ee_size = (CY_APPL_LOADABLE && ! (CY_EE_IN_BTLDR))?(CY_EE_SIZE / CY_APPL_MAX):CY_EE_SIZE
                0x00000000                PROVIDE (CY_ECC_OFFSET, ecc_offset)

.text           0x00000000     0x8b9a
 CREATE_OBJECT_SYMBOLS
                0x00000000                PROVIDE (__cy_interrupt_vector, RomVectors)
 *(.romvectors)
 .romvectors    0x00000000       0x10 .\ARM_GCC_493\Debug\Cm3Start.o
                0x00000000                RomVectors
                0x00000001                ASSERT ((. != __cy_interrupt_vector), No interrupt vector)
                0x00000001                ASSERT (CY_APPL_ORIGIN?(SIZEOF (.cybootloader) <= CY_APPL_ORIGIN):0x1, Wrong image location)
                0x00000010                PROVIDE (__cy_reset, Reset)
 *(.text.Reset)
 .text.Reset    0x00000010       0x18 .\ARM_GCC_493\Debug\Cm3Start.o
                0x00000010                Reset
                0x00000001                ASSERT ((. != __cy_reset), No reset code)
 *(.dma_init)
 .dma_init      0x00000028      0x228 .\ARM_GCC_493\Debug\CE95352 Blinking LED.a(cyfitter_cfg.o)
                0x00000001                ASSERT ((((appl_start + .) <= 0x10000) || 0x0), DMA Init must be within the first 64k of flash)
 *(.text .text.* .gnu.linkonce.t.*)
 .text          0x00000250       0x5c c:/program files (x86)/cypress/psoc creator/3.3/psoc creator/import/gnu/arm/4.9.3/bin/../lib/gcc/arm-none-eabi/4.9.3/armv7-m/crtbegin.o
 .text.main     0x000002ac      0x12c .\ARM_GCC_493\Debug\main.o
                0x000002ac                main
 .text.gfxInit  0x000003d8       0x30 .\ARM_GCC_493\Debug\gfx_mk.o
                0x000003d8                gfxInit
 .text._gosInit
                0x00000408       0x10 .\ARM_GCC_493\Debug\gfx_mk.o
                0x00000408                _gosInit
 .text.gfxSleepMilliseconds
                0x00000418       0x48 .\ARM_GCC_493\Debug\gfx_mk.o
                0x00000418                gfxSleepMilliseconds
 .text._gfxTaskSwitch
                0x00000460       0x14 .\ARM_GCC_493\Debug\gfx_mk.o
 .text.Qinit    0x00000474       0x20 .\ARM_GCC_493\Debug\gfx_mk.o
 .text.Qadd     0x00000494       0x40 .\ARM_GCC_493\Debug\gfx_mk.o
 .text.Qpop     0x000004d4       0x30 .\ARM_GCC_493\Debug\gfx_mk.o
 .text._gosThreadsInit
                0x00000504       0x3c .\ARM_GCC_493\Debug\gfx_mk.o
                0x00000504                _gosThreadsInit
 .text.cleanUpDeadThreads
                0x00000540       0x28 .\ARM_GCC_493\Debug\gfx_mk.o
 .text.gfxYield
                0x00000568       0x48 .\ARM_GCC_493\Debug\gfx_mk.o
                0x00000568                gfxYield
 .text._gosHeapInit
                0x000005b0       0x20 .\ARM_GCC_493\Debug\gfx_mk.o
                0x000005b0                _gosHeapInit
 .text.gfxAddHeapBlock
                0x000005d0       0x6c .\ARM_GCC_493\Debug\gfx_mk.o
                0x000005d0                gfxAddHeapBlock
 .text.gfxAlloc
                0x0000063c       0xb0 .\ARM_GCC_493\Debug\gfx_mk.o
                0x0000063c                gfxAlloc
 .text.gfxFree  0x000006ec       0x90 .\ARM_GCC_493\Debug\gfx_mk.o
                0x000006ec                gfxFree
 .text._gdriverInit
                0x0000077c        0xc .\ARM_GCC_493\Debug\gfx_mk.o
                0x0000077c                _gdriverInit
 .text.gdriverRegister
                0x00000788       0xdc .\ARM_GCC_493\Debug\gfx_mk.o
                0x00000788                gdriverRegister
 .text.gdriverGetInstance
                0x00000864       0x54 .\ARM_GCC_493\Debug\gfx_mk.o
                0x00000864                gdriverGetInstance
 .text.mf_render_character
                0x000008b8       0x70 .\ARM_GCC_493\Debug\gfx_mk.o
                0x000008b8                mf_render_character
 .text.mf_character_width
                0x00000928       0x40 .\ARM_GCC_493\Debug\gfx_mk.o
                0x00000928                mf_character_width
 .text.mf_get_font_list
                0x00000968       0x14 .\ARM_GCC_493\Debug\gfx_mk.o
                0x00000968                mf_get_font_list
 .text.find_glyph
                0x0000097c       0x80 .\ARM_GCC_493\Debug\gfx_mk.o
 .text.write_pixels
                0x000009fc       0xb8 .\ARM_GCC_493\Debug\gfx_mk.o
 .text.skip_pixels
                0x00000ab4       0x6c .\ARM_GCC_493\Debug\gfx_mk.o
 .text.write_rle_dictentry
                0x00000b20       0xf8 .\ARM_GCC_493\Debug\gfx_mk.o
 .text.fillentry_bitcount
                0x00000c18       0x4c .\ARM_GCC_493\Debug\gfx_mk.o
 .text.write_bin_codeword
                0x00000c64       0x84 .\ARM_GCC_493\Debug\gfx_mk.o
 .text.write_ref_codeword
                0x00000ce8       0x74 .\ARM_GCC_493\Debug\gfx_mk.o
 .text.write_ref_dictentry
                0x00000d5c       0x68 .\ARM_GCC_493\Debug\gfx_mk.o
 .text.write_glyph_codeword
                0x00000dc4       0x50 .\ARM_GCC_493\Debug\gfx_mk.o
 .text.mf_rlefont_render_character
                0x00000e14       0xa0 .\ARM_GCC_493\Debug\gfx_mk.o
                0x00000e14                mf_rlefont_render_character
 .text.mf_rlefont_character_width
                0x00000eb4       0x30 .\ARM_GCC_493\Debug\gfx_mk.o
                0x00000eb4                mf_rlefont_character_width
 .text.mf_getchar
                0x00000ee4       0x30 .\ARM_GCC_493\Debug\gfx_mk.o
                0x00000ee4                mf_getchar
 .text.mf_rewind
                0x00000f14       0x1c .\ARM_GCC_493\Debug\gfx_mk.o
                0x00000f14                mf_rewind
 .text.mf_round_to_tab
                0x00000f30       0x78 .\ARM_GCC_493\Debug\gfx_mk.o
 .text.mf_round_to_prev_tab
                0x00000fa8       0x78 .\ARM_GCC_493\Debug\gfx_mk.o
 .text.mf_get_string_width
                0x00001020       0xbc .\ARM_GCC_493\Debug\gfx_mk.o
                0x00001020                mf_get_string_width
 .text.strip_spaces
                0x000010dc       0x98 .\ARM_GCC_493\Debug\gfx_mk.o
 .text.render_left
                0x00001174       0xac .\ARM_GCC_493\Debug\gfx_mk.o
 .text.render_right
                0x00001220       0xe8 .\ARM_GCC_493\Debug\gfx_mk.o
 .text.mf_render_aligned
                0x00001308       0xc0 .\ARM_GCC_493\Debug\gfx_mk.o
                0x00001308                mf_render_aligned
 .text.fit_leftedge
                0x000013c8       0x58 .\ARM_GCC_493\Debug\gfx_mk.o
 .text.fit_rightedge
                0x00001420       0x68 .\ARM_GCC_493\Debug\gfx_mk.o
 .text.do_kerning
                0x00001488       0x44 .\ARM_GCC_493\Debug\gfx_mk.o
 .text.max16    0x000014cc       0x30 .\ARM_GCC_493\Debug\gfx_mk.o
 .text.avg16    0x000014fc       0x30 .\ARM_GCC_493\Debug\gfx_mk.o
 .text.mf_compute_kerning
                0x0000152c      0x22c .\ARM_GCC_493\Debug\gfx_mk.o
                0x0000152c                mf_compute_kerning
 .text.drawpixel
                0x00001758       0x30 .\ARM_GCC_493\Debug\gfx_mk.o
 .text.drawpixel_clip
                0x00001788       0x58 .\ARM_GCC_493\Debug\gfx_mk.o
 .text.fillarea
                0x000017e0       0x44 .\ARM_GCC_493\Debug\gfx_mk.o
 .text.hline_clip
                0x00001824       0xf0 .\ARM_GCC_493\Debug\gfx_mk.o
 .text._gdispInit
                0x00001914       0x20 .\ARM_GCC_493\Debug\gfx_mk.o
                0x00001914                _gdispInit
 .text._gdispInitDriver
                0x00001934       0x40 .\ARM_GCC_493\Debug\gfx_mk.o
                0x00001934                _gdispInitDriver
 .text._gdispPostInitDriver
                0x00001974       0x44 .\ARM_GCC_493\Debug\gfx_mk.o
                0x00001974                _gdispPostInitDriver
 .text._gdispDeInitDriver
                0x000019b8       0x2c .\ARM_GCC_493\Debug\gfx_mk.o
                0x000019b8                _gdispDeInitDriver
 .text.gdispGGetWidth
                0x000019e4       0x1c .\ARM_GCC_493\Debug\gfx_mk.o
                0x000019e4                gdispGGetWidth
 .text.gdispGGetHeight
                0x00001a00       0x1c .\ARM_GCC_493\Debug\gfx_mk.o
                0x00001a00                gdispGGetHeight
 .text.gdispGDrawPixel
                0x00001a1c       0x38 .\ARM_GCC_493\Debug\gfx_mk.o
                0x00001a1c                gdispGDrawPixel
 .text.gdispGClear
                0x00001a54       0x6c .\ARM_GCC_493\Debug\gfx_mk.o
                0x00001a54                gdispGClear
 .text.gdispGFillArea
                0x00001ac0      0x124 .\ARM_GCC_493\Debug\gfx_mk.o
                0x00001ac0                gdispGFillArea
 .text.gdispGBlitArea
                0x00001be4      0x1d8 .\ARM_GCC_493\Debug\gfx_mk.o
                0x00001be4                gdispGBlitArea
 .text.gdispGSetClip
                0x00001dbc       0xe4 .\ARM_GCC_493\Debug\gfx_mk.o
                0x00001dbc                gdispGSetClip
 .text.gdispGDrawCircle
                0x00001ea0      0x294 .\ARM_GCC_493\Debug\gfx_mk.o
                0x00001ea0                gdispGDrawCircle
 .text.gdispGControl
                0x00002134       0x9c .\ARM_GCC_493\Debug\gfx_mk.o
                0x00002134                gdispGControl
 .text.fillcharline
                0x000021d0      0x114 .\ARM_GCC_493\Debug\gfx_mk.o
 .text.fillcharglyph
                0x000022e4       0x40 .\ARM_GCC_493\Debug\gfx_mk.o
 .text.gdispGFillStringBox
                0x00002324      0x1f8 .\ARM_GCC_493\Debug\gfx_mk.o
                0x00002324                gdispGFillStringBox
 .text.gdispBlendColor
                0x0000251c       0xe8 .\ARM_GCC_493\Debug\gfx_mk.o
                0x0000251c                gdispBlendColor
 .text.matchfont
                0x00002604       0x8c .\ARM_GCC_493\Debug\gfx_mk.o
 .text.gdispOpenFont
                0x00002690       0x74 .\ARM_GCC_493\Debug\gfx_mk.o
                0x00002690                gdispOpenFont
 .text.gdispImageOpenGFile
                0x00002704       0xb4 .\ARM_GCC_493\Debug\gfx_mk.o
                0x00002704                gdispImageOpenGFile
 .text.gdispGImageDraw
                0x000027b8       0xec .\ARM_GCC_493\Debug\gfx_mk.o
                0x000027b8                gdispGImageDraw
 .text.gdispImageAlloc
                0x000028a4       0x1c .\ARM_GCC_493\Debug\gfx_mk.o
                0x000028a4                gdispImageAlloc
 .text.gdispImageFree
                0x000028c0       0x18 .\ARM_GCC_493\Debug\gfx_mk.o
                0x000028c0                gdispImageFree
 .text.startDecodeGif
                0x000028d8      0x1d4 .\ARM_GCC_493\Debug\gfx_mk.o
 .text.stopDecodeGif
                0x00002aac       0x3c .\ARM_GCC_493\Debug\gfx_mk.o
 .text.getPrefixGif
                0x00002ae8       0x54 .\ARM_GCC_493\Debug\gfx_mk.o
 .text.getBytesGif
                0x00002b3c      0x3c4 .\ARM_GCC_493\Debug\gfx_mk.o
 .text.initFrameGif
                0x00002f00      0x4fc .\ARM_GCC_493\Debug\gfx_mk.o
 .text.gdispImageClose_GIF
                0x000033fc       0x84 .\ARM_GCC_493\Debug\gfx_mk.o
                0x000033fc                gdispImageClose_GIF
 .text.gdispImageOpen_GIF
                0x00003480      0x1fc .\ARM_GCC_493\Debug\gfx_mk.o
                0x00003480                gdispImageOpen_GIF
 .text.gdispImageCache_GIF
                0x0000367c      0x5bc .\ARM_GCC_493\Debug\gfx_mk.o
                0x0000367c                gdispImageCache_GIF
 .text.gdispGImageDraw_GIF
                0x00003c38     0x16ac .\ARM_GCC_493\Debug\gfx_mk.o
                0x00003c38                gdispGImageDraw_GIF
 .text.gdispImageNext_GIF
                0x000052e4       0xe4 .\ARM_GCC_493\Debug\gfx_mk.o
                0x000052e4                gdispImageNext_GIF
 .text.gdispImageClose_BMP
                0x000053c8       0x6c .\ARM_GCC_493\Debug\gfx_mk.o
                0x000053c8                gdispImageClose_BMP
 .text.gdispImageOpen_BMP
                0x00005434      0x7ec .\ARM_GCC_493\Debug\gfx_mk.o
                0x00005434                gdispImageOpen_BMP
 .text.getPixels
                0x00005c20      0xcf0 .\ARM_GCC_493\Debug\gfx_mk.o
 .text.gdispImageCache_BMP
                0x00006910      0x1c4 .\ARM_GCC_493\Debug\gfx_mk.o
                0x00006910                gdispImageCache_BMP
 .text.gdispGImageDraw_BMP
                0x00006ad4      0x42c .\ARM_GCC_493\Debug\gfx_mk.o
                0x00006ad4                gdispGImageDraw_BMP
 .text.gdispImageNext_BMP
                0x00006f00       0x18 .\ARM_GCC_493\Debug\gfx_mk.o
                0x00006f00                gdispImageNext_BMP
 .text._gfileInit
                0x00006f18        0xc .\ARM_GCC_493\Debug\gfx_mk.o
                0x00006f18                _gfileInit
 .text._gfileFindSlot
                0x00006f24      0x15c .\ARM_GCC_493\Debug\gfx_mk.o
                0x00006f24                _gfileFindSlot
 .text.testopen
                0x00007080       0x84 .\ARM_GCC_493\Debug\gfx_mk.o
 .text.gfileOpen
                0x00007104       0x5c .\ARM_GCC_493\Debug\gfx_mk.o
                0x00007104                gfileOpen
 .text.gfileClose
                0x00007160       0x3c .\ARM_GCC_493\Debug\gfx_mk.o
                0x00007160                gfileClose
 .text.gfileRead
                0x0000719c       0x68 .\ARM_GCC_493\Debug\gfx_mk.o
                0x0000719c                gfileRead
 .text.gfileGetPos
                0x00007204       0x30 .\ARM_GCC_493\Debug\gfx_mk.o
                0x00007204                gfileGetPos
 .text.gfileSetPos
                0x00007234       0x50 .\ARM_GCC_493\Debug\gfx_mk.o
                0x00007234                gfileSetPos
 .text.ROMFindFile
                0x00007284       0x50 .\ARM_GCC_493\Debug\gfx_mk.o
 .text.ROMExists
                0x000072d4       0x24 .\ARM_GCC_493\Debug\gfx_mk.o
 .text.ROMFilesize
                0x000072f8       0x28 .\ARM_GCC_493\Debug\gfx_mk.o
 .text.ROMOpen  0x00007320       0x2c .\ARM_GCC_493\Debug\gfx_mk.o
 .text.ROMClose
                0x0000734c       0x14 .\ARM_GCC_493\Debug\gfx_mk.o
 .text.ROMRead  0x00007360       0x58 .\ARM_GCC_493\Debug\gfx_mk.o
 .text.ROMSetpos
                0x000073b8       0x28 .\ARM_GCC_493\Debug\gfx_mk.o
 .text.ROMGetsize
                0x000073e0       0x1c .\ARM_GCC_493\Debug\gfx_mk.o
 .text.ROMEof   0x000073fc       0x28 .\ARM_GCC_493\Debug\gfx_mk.o
 .text.init_board
                0x00007424       0x20 .\ARM_GCC_493\Debug\gdisp_lld_ILI9341.o
 .text.post_init_board
                0x00007444       0x14 .\ARM_GCC_493\Debug\gdisp_lld_ILI9341.o
 .text.setpin_reset
                0x00007458       0x28 .\ARM_GCC_493\Debug\gdisp_lld_ILI9341.o
 .text.set_backlight
                0x00007480       0x18 .\ARM_GCC_493\Debug\gdisp_lld_ILI9341.o
 .text.acquire_bus
                0x00007498       0x14 .\ARM_GCC_493\Debug\gdisp_lld_ILI9341.o
 .text.release_bus
                0x000074ac       0x14 .\ARM_GCC_493\Debug\gdisp_lld_ILI9341.o
 .text.write_index
                0x000074c0       0x24 .\ARM_GCC_493\Debug\gdisp_lld_ILI9341.o
 .text.write_data
                0x000074e4       0x24 .\ARM_GCC_493\Debug\gdisp_lld_ILI9341.o
 .text.setreadmode
                0x00007508       0x14 .\ARM_GCC_493\Debug\gdisp_lld_ILI9341.o
 .text.setwritemode
                0x0000751c       0x14 .\ARM_GCC_493\Debug\gdisp_lld_ILI9341.o
 .text.read_data
                0x00007530       0x18 .\ARM_GCC_493\Debug\gdisp_lld_ILI9341.o
 .text.set_viewport
                0x00007548       0xdc .\ARM_GCC_493\Debug\gdisp_lld_ILI9341.o
 .text.gdisp_lld_init
                0x00007624      0x394 .\ARM_GCC_493\Debug\gdisp_lld_ILI9341.o
                0x00007624                gdisp_lld_init
 .text.gdisp_lld_write_start
                0x000079b8       0x24 .\ARM_GCC_493\Debug\gdisp_lld_ILI9341.o
                0x000079b8                gdisp_lld_write_start
 .text.gdisp_lld_write_color
                0x000079dc       0x30 .\ARM_GCC_493\Debug\gdisp_lld_ILI9341.o
                0x000079dc                gdisp_lld_write_color
 .text.gdisp_lld_write_stop
                0x00007a0c       0x14 .\ARM_GCC_493\Debug\gdisp_lld_ILI9341.o
                0x00007a0c                gdisp_lld_write_stop
 .text.gdisp_lld_read_start
                0x00007a20       0x34 .\ARM_GCC_493\Debug\gdisp_lld_ILI9341.o
                0x00007a20                gdisp_lld_read_start
 .text.gdisp_lld_read_color
                0x00007a54       0x1c .\ARM_GCC_493\Debug\gdisp_lld_ILI9341.o
                0x00007a54                gdisp_lld_read_color
 .text.gdisp_lld_read_stop
                0x00007a70       0x1c .\ARM_GCC_493\Debug\gdisp_lld_ILI9341.o
                0x00007a70                gdisp_lld_read_stop
 .text.gdisp_lld_control
                0x00007a8c      0x1a8 .\ARM_GCC_493\Debug\gdisp_lld_ILI9341.o
                0x00007a8c                gdisp_lld_control
 .text.raw32Init
                0x00007c34       0x10 .\ARM_GCC_493\Debug\ugfx_raw32_implementations.o
                0x00007c34                raw32Init
 .text.gfxSystemTicks
                0x00007c44       0x10 .\ARM_GCC_493\Debug\ugfx_raw32_implementations.o
                0x00007c44                gfxSystemTicks
 .text.gfxMillisecondsToTicks
                0x00007c54       0x18 .\ARM_GCC_493\Debug\ugfx_raw32_implementations.o
                0x00007c54                gfxMillisecondsToTicks
 .text.IntDefaultHandler
                0x00007c6c        0x8 .\ARM_GCC_493\Debug\Cm3Start.o
                0x00007c6c                IntDefaultHandler
 .text.Start_c  0x00007c74       0x98 .\ARM_GCC_493\Debug\Cm3Start.o
                0x00007c74                Start_c
 .text.initialize_psoc
                0x00007d0c       0x8c .\ARM_GCC_493\Debug\Cm3Start.o
                0x00007d0c                initialize_psoc
 .text.CYCONFIGCPY
                0x00007d98       0x1c .\ARM_GCC_493\Debug\CE95352 Blinking LED.a(cyfitter_cfg.o)
 .text.CyClockStartupError
                0x00007db4        0xc .\ARM_GCC_493\Debug\CE95352 Blinking LED.a(cyfitter_cfg.o)
 .text.cfg_dma_init
                0x00007dc0      0x174 .\ARM_GCC_493\Debug\CE95352 Blinking LED.a(cyfitter_cfg.o)
 .text.ClockSetup
                0x00007f34      0x100 .\ARM_GCC_493\Debug\CE95352 Blinking LED.a(cyfitter_cfg.o)
 .text.AnalogSetDefault
                0x00008034       0x44 .\ARM_GCC_493\Debug\CE95352 Blinking LED.a(cyfitter_cfg.o)
 .text.cyfitter_cfg
                0x00008078       0xc8 .\ARM_GCC_493\Debug\CE95352 Blinking LED.a(cyfitter_cfg.o)
                0x00008078                cyfitter_cfg
 .text          0x00008140       0x58 .\ARM_GCC_493\Debug\CE95352 Blinking LED.a(CyBootAsmGnu.o)
                0x00008140                CyDelayCycles
                0x0000817e                CyEnterCriticalSection
                0x00008186                CyExitCriticalSection
 .text.CyHalt   0x00008198       0x18 .\ARM_GCC_493\Debug\CE95352 Blinking LED.a(CyLib.o)
                0x00008198                CyHalt
 .text.CyIntSetVector
                0x000081b0       0x50 .\ARM_GCC_493\Debug\CE95352 Blinking LED.a(CyLib.o)
                0x000081b0                CyIntSetVector
 .text.CyIntSetPriority
                0x00008200       0x44 .\ARM_GCC_493\Debug\CE95352 Blinking LED.a(CyLib.o)
                0x00008200                CyIntSetPriority
 .text.LCD_SPI_Init
                0x00008244       0xa4 .\ARM_GCC_493\Debug\CE95352 Blinking LED.a(LCD_SPI.o)
                0x00008244                LCD_SPI_Init
 .text.LCD_SPI_Enable
                0x000082e8       0x64 .\ARM_GCC_493\Debug\CE95352 Blinking LED.a(LCD_SPI.o)
                0x000082e8                LCD_SPI_Enable
 .text.LCD_SPI_Start
                0x0000834c       0x20 .\ARM_GCC_493\Debug\CE95352 Blinking LED.a(LCD_SPI.o)
                0x0000834c                LCD_SPI_Start
 .text.LCD_SPI_EnableTxInt
                0x0000836c       0x18 .\ARM_GCC_493\Debug\CE95352 Blinking LED.a(LCD_SPI.o)
                0x0000836c                LCD_SPI_EnableTxInt
 .text.LCD_SPI_EnableRxInt
                0x00008384       0x18 .\ARM_GCC_493\Debug\CE95352 Blinking LED.a(LCD_SPI.o)
                0x00008384                LCD_SPI_EnableRxInt
 .text.LCD_SPI_DisableTxInt
                0x0000839c       0x18 .\ARM_GCC_493\Debug\CE95352 Blinking LED.a(LCD_SPI.o)
                0x0000839c                LCD_SPI_DisableTxInt
 .text.LCD_SPI_DisableRxInt
                0x000083b4       0x18 .\ARM_GCC_493\Debug\CE95352 Blinking LED.a(LCD_SPI.o)
                0x000083b4                LCD_SPI_DisableRxInt
 .text.LCD_SPI_ReadTxStatus
                0x000083cc       0x3c .\ARM_GCC_493\Debug\CE95352 Blinking LED.a(LCD_SPI.o)
                0x000083cc                LCD_SPI_ReadTxStatus
 .text.LCD_SPI_ReadRxStatus
                0x00008408       0x3c .\ARM_GCC_493\Debug\CE95352 Blinking LED.a(LCD_SPI.o)
                0x00008408                LCD_SPI_ReadRxStatus
 .text.LCD_SPI_WriteTxData
                0x00008444      0x110 .\ARM_GCC_493\Debug\CE95352 Blinking LED.a(LCD_SPI.o)
                0x00008444                LCD_SPI_WriteTxData
 .text.LCD_SPI_ClearFIFO
                0x00008554       0x5c .\ARM_GCC_493\Debug\CE95352 Blinking LED.a(LCD_SPI.o)
                0x00008554                LCD_SPI_ClearFIFO
 .text.LCD_SPI_TX_ISR
                0x000085b0       0xd4 .\ARM_GCC_493\Debug\CE95352 Blinking LED.a(LCD_SPI_INT.o)
                0x000085b0                LCD_SPI_TX_ISR
 .text.LCD_SPI_RX_ISR
                0x00008684       0xdc .\ARM_GCC_493\Debug\CE95352 Blinking LED.a(LCD_SPI_INT.o)
                0x00008684                LCD_SPI_RX_ISR
 .text.LCD_SPI_IntClock_Start
                0x00008760       0x34 .\ARM_GCC_493\Debug\CE95352 Blinking LED.a(LCD_SPI_IntClock.o)
                0x00008760                LCD_SPI_IntClock_Start
 .text.Systick_Counter_Init
                0x00008794       0x84 .\ARM_GCC_493\Debug\CE95352 Blinking LED.a(Systick_Counter.o)
                0x00008794                Systick_Counter_Init
 .text.Systick_Counter_Enable
                0x00008818       0x20 .\ARM_GCC_493\Debug\CE95352 Blinking LED.a(Systick_Counter.o)
                0x00008818                Systick_Counter_Enable
 .text.Systick_Counter_Start
                0x00008838       0x20 .\ARM_GCC_493\Debug\CE95352 Blinking LED.a(Systick_Counter.o)
                0x00008838                Systick_Counter_Start
 .text.Systick_Counter_SetInterruptMode
                0x00008858       0x20 .\ARM_GCC_493\Debug\CE95352 Blinking LED.a(Systick_Counter.o)
                0x00008858                Systick_Counter_SetInterruptMode
 .text.Systick_Counter_ReadStatusRegister
                0x00008878       0x18 .\ARM_GCC_493\Debug\CE95352 Blinking LED.a(Systick_Counter.o)
                0x00008878                Systick_Counter_ReadStatusRegister
 .text.Systick_Counter_WriteCounter
                0x00008890       0x1c .\ARM_GCC_493\Debug\CE95352 Blinking LED.a(Systick_Counter.o)
                0x00008890                Systick_Counter_WriteCounter
 .text.Systick_Counter_ReadCounter
                0x000088ac       0x20 .\ARM_GCC_493\Debug\CE95352 Blinking LED.a(Systick_Counter.o)
                0x000088ac                Systick_Counter_ReadCounter
 .text.Systick_Counter_ReadCapture
                0x000088cc       0x18 .\ARM_GCC_493\Debug\CE95352 Blinking LED.a(Systick_Counter.o)
                0x000088cc                Systick_Counter_ReadCapture
 .text.Systick_Counter_WritePeriod
                0x000088e4       0x1c .\ARM_GCC_493\Debug\CE95352 Blinking LED.a(Systick_Counter.o)
                0x000088e4                Systick_Counter_WritePeriod
 .text.Systick_Counter_WriteCompare
                0x00008900       0x1c .\ARM_GCC_493\Debug\CE95352 Blinking LED.a(Systick_Counter.o)
                0x00008900                Systick_Counter_WriteCompare
 .text.Systick_Counter_ClearFIFO
                0x0000891c       0x1c .\ARM_GCC_493\Debug\CE95352 Blinking LED.a(Systick_Counter.o)
                0x0000891c                Systick_Counter_ClearFIFO
 .text.LCD_DC_Write
                0x00008938       0x3c .\ARM_GCC_493\Debug\CE95352 Blinking LED.a(LCD_DC.o)
                0x00008938                LCD_DC_Write
 .text.LCD_RST_Write
                0x00008974       0x38 .\ARM_GCC_493\Debug\CE95352 Blinking LED.a(LCD_RST.o)
                0x00008974                LCD_RST_Write
 .text.Systick_Timer_Init
                0x000089ac       0x9c .\ARM_GCC_493\Debug\CE95352 Blinking LED.a(Systick_Timer.o)
                0x000089ac                Systick_Timer_Init
 .text.Systick_Timer_Enable
                0x00008a48       0x48 .\ARM_GCC_493\Debug\CE95352 Blinking LED.a(Systick_Timer.o)
                0x00008a48                Systick_Timer_Enable
 .text.Systick_Timer_Start
                0x00008a90       0x20 .\ARM_GCC_493\Debug\CE95352 Blinking LED.a(Systick_Timer.o)
                0x00008a90                Systick_Timer_Start
 .text.Systick_Timer_SetInterruptMode
                0x00008ab0       0x20 .\ARM_GCC_493\Debug\CE95352 Blinking LED.a(Systick_Timer.o)
                0x00008ab0                Systick_Timer_SetInterruptMode
 .text.Systick_Timer_WritePeriod
                0x00008ad0       0x24 .\ARM_GCC_493\Debug\CE95352 Blinking LED.a(Systick_Timer.o)
                0x00008ad0                Systick_Timer_WritePeriod
 .text.Systick_Timer_WriteCounter
                0x00008af4       0x20 .\ARM_GCC_493\Debug\CE95352 Blinking LED.a(Systick_Timer.o)
                0x00008af4                Systick_Timer_WriteCounter
 .text.__libc_init_array
                0x00008b14       0x4c c:/program files (x86)/cypress/psoc creator/3.3/psoc creator/import/gnu/arm/4.9.3/bin/../lib/gcc/arm-none-eabi/4.9.3/../../../../arm-none-eabi/lib/armv7-m\libg_nano.a(lib_a-init.o)
                0x00008b14                __libc_init_array
 .text.memcpy   0x00008b60       0x16 c:/program files (x86)/cypress/psoc creator/3.3/psoc creator/import/gnu/arm/4.9.3/bin/../lib/gcc/arm-none-eabi/4.9.3/../../../../arm-none-eabi/lib/armv7-m\libg_nano.a(lib_a-memcpy.o)
                0x00008b60                memcpy
 .text.memset   0x00008b76       0x10 c:/program files (x86)/cypress/psoc creator/3.3/psoc creator/import/gnu/arm/4.9.3/bin/../lib/gcc/arm-none-eabi/4.9.3/../../../../arm-none-eabi/lib/armv7-m\libg_nano.a(lib_a-memset.o)
                0x00008b76                memset
 .text          0x00008b86       0x14 c:/program files (x86)/cypress/psoc creator/3.3/psoc creator/import/gnu/arm/4.9.3/bin/../lib/gcc/arm-none-eabi/4.9.3/../../../../arm-none-eabi/lib/armv7-m\libg_nano.a(lib_a-strcmp.o)
                0x00008b86                strcmp
 *(.plt)
 *(.gnu.warning)
 *(.glue_7t)
 .glue_7t       0x00000000        0x0 linker stubs
 *(.glue_7)
 .glue_7        0x00000000        0x0 linker stubs
 *(.vfp11_veneer)
 .vfp11_veneer  0x00000000        0x0 linker stubs
 *(.bootloader)
 *(.ARM.extab* .gnu.linkonce.armextab.*)
 *(.gcc_except_table)

.v4_bx          0x00008b9c        0x0
 .v4_bx         0x00000000        0x0 linker stubs

.iplt           0x00008b9c        0x0
 .iplt          0x00000000        0x0 c:/program files (x86)/cypress/psoc creator/3.3/psoc creator/import/gnu/arm/4.9.3/bin/../lib/gcc/arm-none-eabi/4.9.3/armv7-m/crtbegin.o

.eh_frame_hdr
 *(.eh_frame_hdr)

.eh_frame       0x00008b9c       0x2c
 *(.eh_frame)
 .eh_frame      0x00008b9c        0x0 c:/program files (x86)/cypress/psoc creator/3.3/psoc creator/import/gnu/arm/4.9.3/bin/../lib/gcc/arm-none-eabi/4.9.3/armv7-m/crtbegin.o
 .eh_frame      0x00008b9c       0x28 c:/program files (x86)/cypress/psoc creator/3.3/psoc creator/import/gnu/arm/4.9.3/bin/../lib/gcc/arm-none-eabi/4.9.3/../../../../arm-none-eabi/lib/armv7-m\libg_nano.a(lib_a-strcmp.o)
 .eh_frame      0x00008bc4        0x4 c:/program files (x86)/cypress/psoc creator/3.3/psoc creator/import/gnu/arm/4.9.3/bin/../lib/gcc/arm-none-eabi/4.9.3/armv7-m/crtend.o
                0x00008bc8                PROVIDE (__exidx_start, .)

.ARM.exidx
 *(.ARM.exidx* .gnu.linkonce.armexidx.*)
                0x00008bc8                __exidx_end = .

.rodata         0x00008bc8     0x6c68
 *(.rodata .rodata.* .gnu.linkonce.r.*)
 .rodata        0x00008bc8       0x60 .\ARM_GCC_493\Debug\main.o
 .rodata        0x00008c28     0x6a70 .\ARM_GCC_493\Debug\gfx_mk.o
                0x00009b04                mf_rlefont_DejaVuSans16_aa
                0x0000bab8                mf_rlefont_DejaVuSans32_aa
                0x0000f65c                FsROMVMT
 .rodata        0x0000f698       0x60 .\ARM_GCC_493\Debug\gdisp_lld_ILI9341.o
                0x0000f698                GDISPVMT_OnlyOne
 .rodata        0x0000f6f8      0x100 .\ARM_GCC_493\Debug\CE95352 Blinking LED.a(cyfitter_cfg.o)
                0x0000f7f8                . = ALIGN (0x4)
 *(.init)
 .init          0x0000f7f8        0x4 c:/program files (x86)/cypress/psoc creator/3.3/psoc creator/import/gnu/arm/4.9.3/bin/../lib/gcc/arm-none-eabi/4.9.3/armv7-m/crti.o
                0x0000f7f8                _init
 .init          0x0000f7fc        0x8 c:/program files (x86)/cypress/psoc creator/3.3/psoc creator/import/gnu/arm/4.9.3/bin/../lib/gcc/arm-none-eabi/4.9.3/armv7-m/crtn.o
                0x0000f804                . = ALIGN (0x4)
                0x0000f804                __preinit_array_start = .
 *(.preinit_array)
                0x0000f804                __preinit_array_end = .
                0x0000f804                . = ALIGN (0x4)
                0x0000f804                __init_array_start = .
 *(SORT(.init_array.*))
 *(.init_array)
 .init_array    0x0000f804        0x4 c:/program files (x86)/cypress/psoc creator/3.3/psoc creator/import/gnu/arm/4.9.3/bin/../lib/gcc/arm-none-eabi/4.9.3/armv7-m/crtbegin.o
 .init_array    0x0000f808        0x4 .\ARM_GCC_493\Debug\Cm3Start.o
                0x0000f80c                __init_array_end = .
                0x0000f80c                . = ALIGN (0x4)
 *(.fini)
 .fini          0x0000f80c        0x4 c:/program files (x86)/cypress/psoc creator/3.3/psoc creator/import/gnu/arm/4.9.3/bin/../lib/gcc/arm-none-eabi/4.9.3/armv7-m/crti.o
                0x0000f80c                _fini
 .fini          0x0000f810        0x8 c:/program files (x86)/cypress/psoc creator/3.3/psoc creator/import/gnu/arm/4.9.3/bin/../lib/gcc/arm-none-eabi/4.9.3/armv7-m/crtn.o
                0x0000f818                . = ALIGN (0x4)
                0x0000f818                __fini_array_start = .
 *(.fini_array)
 .fini_array    0x0000f818        0x4 c:/program files (x86)/cypress/psoc creator/3.3/psoc creator/import/gnu/arm/4.9.3/bin/../lib/gcc/arm-none-eabi/4.9.3/armv7-m/crtbegin.o
 *(SORT(.fini_array.*))
                0x0000f81c                __fini_array_end = .
                0x0000f81c                . = ALIGN (0x4)
 *crtbegin.o(.ctors)
 *(EXCLUDE_FILE(*crtend.o) .ctors)
 *(SORT(.ctors.*))
 *crtend.o(.ctors)
                0x0000f81c                . = ALIGN (0x4)
 *crtbegin.o(.dtors)
 *(EXCLUDE_FILE(*crtend.o) .dtors)
 *(SORT(.dtors.*))
 *crtend.o(.dtors)
                0x0000f81c                . = ALIGN (0x4)
                0x0000f81c                __cy_regions = .
                0x0000f81c        0x4 LONG 0xf830 __cy_region_init_ram
                0x0000f820        0x4 LONG 0x1fff8108 __cy_region_start_data
                0x0000f824        0x4 LONG 0x38 __cy_region_init_size_ram
                0x0000f828        0x4 LONG 0x50d0 __cy_region_zero_size_ram
                0x0000f82c                __cy_regions_end = .
                0x0000f830                . = ALIGN (0x8)
 *fill*         0x0000f82c        0x4 
                0x0000f830                _etext = .

.cy_checksum_exclude
                0x0000f830        0x0
 *(.cy_checksum_exclude)

.ramvectors     0x1fff8000      0x100
                0x1fff8000                __cy_region_start_ram = .
 *(.ramvectors)
 .ramvectors    0x1fff8000      0x100 .\ARM_GCC_493\Debug\Cm3Start.o
                0x1fff8000                CyRamVectors

.noinit         0x1fff8100        0x5
 *(.noinit)
 .noinit        0x1fff8100        0x4 .\ARM_GCC_493\Debug\Cm3Start.o
 .noinit        0x1fff8104        0x1 .\ARM_GCC_493\Debug\CE95352 Blinking LED.a(CyLib.o)
                0x1fff8104                CyResetStatus

.data           0x1fff8108       0x38 load address 0x0000f830
                0x1fff8108                __cy_region_start_data = .
 *(.jcr)
 .jcr           0x1fff8108        0x0 c:/program files (x86)/cypress/psoc creator/3.3/psoc creator/import/gnu/arm/4.9.3/bin/../lib/gcc/arm-none-eabi/4.9.3/armv7-m/crtbegin.o
 .jcr           0x1fff8108        0x4 c:/program files (x86)/cypress/psoc creator/3.3/psoc creator/import/gnu/arm/4.9.3/bin/../lib/gcc/arm-none-eabi/4.9.3/armv7-m/crtend.o
 *(.got.plt)
 *(.got)
 *(.shdata)
 *(.data .data.* .gnu.linkonce.d.*)
 .data          0x1fff810c       0x30 .\ARM_GCC_493\Debug\gfx_mk.o
                0x1fff8140                . = ALIGN (0x8)
 *fill*         0x1fff813c        0x4 
 *(.ram)
                0x1fff8140                _edata = .

.igot.plt       0x1fff8140        0x0 load address 0x0000f868
 .igot.plt      0x00000000        0x0 c:/program files (x86)/cypress/psoc creator/3.3/psoc creator/import/gnu/arm/4.9.3/bin/../lib/gcc/arm-none-eabi/4.9.3/armv7-m/crtbegin.o

.bss            0x1fff8140     0x50d0 load address 0x0000f868
                0x1fff8140                PROVIDE (__bss_start__, .)
 *(.shbss)
 *(.bss .bss.* .gnu.linkonce.b.*)
 .bss           0x1fff8140       0x1c c:/program files (x86)/cypress/psoc creator/3.3/psoc creator/import/gnu/arm/4.9.3/bin/../lib/gcc/arm-none-eabi/4.9.3/armv7-m/crtbegin.o
 .bss           0x1fff815c     0x5074 .\ARM_GCC_493\Debug\gfx_mk.o
 .bss           0x1fffd1d0        0x8 .\ARM_GCC_493\Debug\CE95352 Blinking LED.a(cyfitter_cfg.o)
 .bss           0x1fffd1d8        0x1 .\ARM_GCC_493\Debug\CE95352 Blinking LED.a(LCD_SPI.o)
                0x1fffd1d8                LCD_SPI_initVar
 .bss           0x1fffd1d9        0x1 .\ARM_GCC_493\Debug\CE95352 Blinking LED.a(Systick_Counter.o)
                0x1fffd1d9                Systick_Counter_initVar
 .bss           0x1fffd1da        0x1 .\ARM_GCC_493\Debug\CE95352 Blinking LED.a(Systick_Timer.o)
                0x1fffd1da                Systick_Timer_initVar
 *(COMMON)
 *fill*         0x1fffd1db        0x1 
 COMMON         0x1fffd1dc       0x10 .\ARM_GCC_493\Debug\gfx_mk.o
                0x1fffd1dc                gfileStdIn
                0x1fffd1e0                gfileStdOut
                0x1fffd1e4                gfileStdErr
                0x1fffd1e8                GDISP
 COMMON         0x1fffd1ec       0x1d .\ARM_GCC_493\Debug\CE95352 Blinking LED.a(LCD_SPI.o)
                0x1fffd1ec                LCD_SPI_swStatusTx
                0x1fffd1ed                LCD_SPI_rxBufferRead
                0x1fffd1f0                LCD_SPI_rxBuffer
                0x1fffd1f8                LCD_SPI_txBufferRead
                0x1fffd1f9                LCD_SPI_txBufferWrite
                0x1fffd1fa                LCD_SPI_swStatusRx
                0x1fffd1fb                LCD_SPI_txBufferFull
                0x1fffd1fc                LCD_SPI_rxBufferWrite
                0x1fffd200                LCD_SPI_txBuffer
                0x1fffd208                LCD_SPI_rxBufferFull
                0x1fffd210                . = ALIGN (0x8)
 *fill*         0x1fffd209        0x7 
 *(.ram.b)
                0x1fffd210                _end = .
                0x1fffd210                __end = .
                0x1fffd210                PROVIDE (end, .)
                0x1fffd210                PROVIDE (__bss_end__, .)
                0x0000f830                __cy_region_init_ram = LOADADDR (.data)
                0x00000038                __cy_region_init_size_ram = (_edata - ADDR (.data))
                0x000050d0                __cy_region_zero_size_ram = (_end - _edata)

.heap           0x1fffd210       0x80 load address 0x0000f868
                0x1fffd210                . = _end
                0x1fffd290                . = (. + 0x80)
 *fill*         0x1fffd210       0x80 
                0x1fffd290                __cy_heap_limit = .

.stack          0x20007800      0x800
                0x20007800                __cy_stack_limit = .
                0x20008000                . = (. + 0x800)
 *fill*         0x20007800      0x800 
                0x00000001                ASSERT ((__cy_stack_limit >= __cy_heap_limit), region RAM overflowed with stack)
                0x00000000                cy_checksum_exclude_size = (CY_APPL_LOADABLE == 0x1)?SIZEOF (.cy_checksum_exclude):0x0
                0x00000001                ASSERT ((cy_checksum_exclude_size <= CY_CHECKSUM_EXCLUDE_SIZE), CY_BOOT: Section .cy_checksum_exclude size exceedes specified limit.)

.cyloadermeta
 *(.cyloadermeta)

.cyloadablemeta
 *(.cyloadablemeta)

.cyconfigecc    0x80000000     0x1004
 *(.cyconfigecc)
 .cyconfigecc   0x80000000     0x1004 .\ARM_GCC_493\Debug\cymetadata.o
                0x80000000                cy_meta_configecc

.cycustnvl      0x90000000        0x4
 *(.cycustnvl)
 .cycustnvl     0x90000000        0x4 .\ARM_GCC_493\Debug\cymetadata.o
                0x90000000                cy_meta_custnvl

.cywolatch      0x90100000        0x4
 *(.cywolatch)
 .cywolatch     0x90100000        0x4 .\ARM_GCC_493\Debug\cymetadata.o
                0x90100000                cy_meta_wonvl

.cyeeprom       0x90200000        0x0
 *(.cyeeprom)
                0x00000001                ASSERT ((. <= ((0x90200000 + ee_offset) + ee_size)), .cyeeprom data will not fit in EEPROM)

.cyflashprotect
                0x90400000      0x100
 *(.cyflashprotect)
 .cyflashprotect
                0x90400000      0x100 .\ARM_GCC_493\Debug\cymetadata.o
                0x90400000                cy_meta_flashprotect

.cymeta         0x90500000        0xc
 *(.cymeta)
 .cymeta        0x90500000        0xc .\ARM_GCC_493\Debug\cymetadata.o
                0x90500000                cy_metadata

.rel.dyn        0x0000f868        0x0 load address 0x9050000c
 .rel.iplt      0x00000000        0x0 c:/program files (x86)/cypress/psoc creator/3.3/psoc creator/import/gnu/arm/4.9.3/bin/../lib/gcc/arm-none-eabi/4.9.3/armv7-m/crtbegin.o

.stab
 *(.stab)

.stabstr
 *(.stabstr)

.debug
 *(.debug)

.line
 *(.line)

.debug_srcinfo
 *(.debug_srcinfo)

.debug_sfnames
 *(.debug_sfnames)

.debug_aranges  0x00000000      0xf28
 *(.debug_aranges)
 .debug_aranges
                0x00000000       0x20 .\ARM_GCC_493\Debug\main.o
 .debug_aranges
                0x00000020      0x618 .\ARM_GCC_493\Debug\gfx_mk.o
 .debug_aranges
                0x00000638       0xb8 .\ARM_GCC_493\Debug\gdisp_lld_ILI9341.o
 .debug_aranges
                0x000006f0       0x30 .\ARM_GCC_493\Debug\ugfx_raw32_implementations.o
 .debug_aranges
                0x00000720       0x18 .\ARM_GCC_493\Debug\cymetadata.o
 .debug_aranges
                0x00000738       0x48 .\ARM_GCC_493\Debug\Cm3Start.o
 .debug_aranges
                0x00000780       0x60 .\ARM_GCC_493\Debug\CE95352 Blinking LED.a(cyfitter_cfg.o)
 .debug_aranges
                0x000007e0       0x20 .\ARM_GCC_493\Debug\CE95352 Blinking LED.a(CyBootAsmGnu.o)
 .debug_aranges
                0x00000800      0x298 .\ARM_GCC_493\Debug\CE95352 Blinking LED.a(CyLib.o)
 .debug_aranges
                0x00000a98       0x98 .\ARM_GCC_493\Debug\CE95352 Blinking LED.a(cyPm.o)
 .debug_aranges
                0x00000b30       0xd8 .\ARM_GCC_493\Debug\CE95352 Blinking LED.a(LCD_SPI.o)
 .debug_aranges
                0x00000c08       0x28 .\ARM_GCC_493\Debug\CE95352 Blinking LED.a(LCD_SPI_INT.o)
 .debug_aranges
                0x00000c30       0x70 .\ARM_GCC_493\Debug\CE95352 Blinking LED.a(LCD_SPI_IntClock.o)
 .debug_aranges
                0x00000ca0       0x98 .\ARM_GCC_493\Debug\CE95352 Blinking LED.a(Systick_Counter.o)
 .debug_aranges
                0x00000d38       0x38 .\ARM_GCC_493\Debug\CE95352 Blinking LED.a(LCD_DC.o)
 .debug_aranges
                0x00000d70       0x38 .\ARM_GCC_493\Debug\CE95352 Blinking LED.a(LCD_RST.o)
 .debug_aranges
                0x00000da8       0x88 .\ARM_GCC_493\Debug\CE95352 Blinking LED.a(Systick_Timer.o)
 .debug_aranges
                0x00000e30       0x80 .\ARM_GCC_493\Debug\CE95352 Blinking LED.a(CyFlash.o)
 .debug_aranges
                0x00000eb0       0x78 .\ARM_GCC_493\Debug\CE95352 Blinking LED.a(CySpc.o)

.debug_pubnames
 *(.debug_pubnames)

.debug_info     0x00000000     0x92a4
 *(.debug_info .gnu.linkonce.wi.*)
 .debug_info    0x00000000      0x26b .\ARM_GCC_493\Debug\main.o
 .debug_info    0x0000026b     0x5250 .\ARM_GCC_493\Debug\gfx_mk.o
 .debug_info    0x000054bb      0x927 .\ARM_GCC_493\Debug\gdisp_lld_ILI9341.o
 .debug_info    0x00005de2      0x112 .\ARM_GCC_493\Debug\ugfx_raw32_implementations.o
 .debug_info    0x00005ef4      0x13f .\ARM_GCC_493\Debug\cymetadata.o
 .debug_info    0x00006033      0x313 .\ARM_GCC_493\Debug\Cm3Start.o
 .debug_info    0x00006346      0x3b8 .\ARM_GCC_493\Debug\CE95352 Blinking LED.a(cyfitter_cfg.o)
 .debug_info    0x000066fe       0xa6 .\ARM_GCC_493\Debug\CE95352 Blinking LED.a(CyBootAsmGnu.o)
 .debug_info    0x000067a4      0xe34 .\ARM_GCC_493\Debug\CE95352 Blinking LED.a(CyLib.o)
 .debug_info    0x000075d8      0x561 .\ARM_GCC_493\Debug\CE95352 Blinking LED.a(cyPm.o)
 .debug_info    0x00007b39      0x4ca .\ARM_GCC_493\Debug\CE95352 Blinking LED.a(LCD_SPI.o)
 .debug_info    0x00008003      0x183 .\ARM_GCC_493\Debug\CE95352 Blinking LED.a(LCD_SPI_INT.o)
 .debug_info    0x00008186      0x25d .\ARM_GCC_493\Debug\CE95352 Blinking LED.a(LCD_SPI_IntClock.o)
 .debug_info    0x000083e3      0x28a .\ARM_GCC_493\Debug\CE95352 Blinking LED.a(Systick_Counter.o)
 .debug_info    0x0000866d      0x11e .\ARM_GCC_493\Debug\CE95352 Blinking LED.a(LCD_DC.o)
 .debug_info    0x0000878b      0x11e .\ARM_GCC_493\Debug\CE95352 Blinking LED.a(LCD_RST.o)
 .debug_info    0x000088a9      0x23e .\ARM_GCC_493\Debug\CE95352 Blinking LED.a(Systick_Timer.o)
 .debug_info    0x00008ae7      0x36a .\ARM_GCC_493\Debug\CE95352 Blinking LED.a(CyFlash.o)
 .debug_info    0x00008e51      0x453 .\ARM_GCC_493\Debug\CE95352 Blinking LED.a(CySpc.o)

.debug_abbrev   0x00000000     0x1862
 *(.debug_abbrev)
 .debug_abbrev  0x00000000       0xfb .\ARM_GCC_493\Debug\main.o
 .debug_abbrev  0x000000fb      0x46e .\ARM_GCC_493\Debug\gfx_mk.o
 .debug_abbrev  0x00000569      0x234 .\ARM_GCC_493\Debug\gdisp_lld_ILI9341.o
 .debug_abbrev  0x0000079d       0xac .\ARM_GCC_493\Debug\ugfx_raw32_implementations.o
 .debug_abbrev  0x00000849       0x77 .\ARM_GCC_493\Debug\cymetadata.o
 .debug_abbrev  0x000008c0      0x1a7 .\ARM_GCC_493\Debug\Cm3Start.o
 .debug_abbrev  0x00000a67      0x183 .\ARM_GCC_493\Debug\CE95352 Blinking LED.a(cyfitter_cfg.o)
 .debug_abbrev  0x00000bea       0x14 .\ARM_GCC_493\Debug\CE95352 Blinking LED.a(CyBootAsmGnu.o)
 .debug_abbrev  0x00000bfe      0x217 .\ARM_GCC_493\Debug\CE95352 Blinking LED.a(CyLib.o)
 .debug_abbrev  0x00000e15      0x161 .\ARM_GCC_493\Debug\CE95352 Blinking LED.a(cyPm.o)
 .debug_abbrev  0x00000f76      0x168 .\ARM_GCC_493\Debug\CE95352 Blinking LED.a(LCD_SPI.o)
 .debug_abbrev  0x000010de       0x8a .\ARM_GCC_493\Debug\CE95352 Blinking LED.a(LCD_SPI_INT.o)
 .debug_abbrev  0x00001168      0x11d .\ARM_GCC_493\Debug\CE95352 Blinking LED.a(LCD_SPI_IntClock.o)
 .debug_abbrev  0x00001285      0x12c .\ARM_GCC_493\Debug\CE95352 Blinking LED.a(Systick_Counter.o)
 .debug_abbrev  0x000013b1       0x90 .\ARM_GCC_493\Debug\CE95352 Blinking LED.a(LCD_DC.o)
 .debug_abbrev  0x00001441       0x90 .\ARM_GCC_493\Debug\CE95352 Blinking LED.a(LCD_RST.o)
 .debug_abbrev  0x000014d1       0xe9 .\ARM_GCC_493\Debug\CE95352 Blinking LED.a(Systick_Timer.o)
 .debug_abbrev  0x000015ba      0x13c .\ARM_GCC_493\Debug\CE95352 Blinking LED.a(CyFlash.o)
 .debug_abbrev  0x000016f6      0x16c .\ARM_GCC_493\Debug\CE95352 Blinking LED.a(CySpc.o)

.debug_line     0x00000000     0x4e74
 *(.debug_line)
 .debug_line    0x00000000      0x1d1 .\ARM_GCC_493\Debug\main.o
 .debug_line    0x000001d1     0x28b2 .\ARM_GCC_493\Debug\gfx_mk.o
 .debug_line    0x00002a83      0x445 .\ARM_GCC_493\Debug\gdisp_lld_ILI9341.o
 .debug_line    0x00002ec8      0x1b5 .\ARM_GCC_493\Debug\ugfx_raw32_implementations.o
 .debug_line    0x0000307d       0x53 .\ARM_GCC_493\Debug\cymetadata.o
 .debug_line    0x000030d0      0x1d6 .\ARM_GCC_493\Debug\Cm3Start.o
 .debug_line    0x000032a6      0x217 .\ARM_GCC_493\Debug\CE95352 Blinking LED.a(cyfitter_cfg.o)
 .debug_line    0x000034bd       0x7f .\ARM_GCC_493\Debug\CE95352 Blinking LED.a(CyBootAsmGnu.o)
 .debug_line    0x0000353c      0x872 .\ARM_GCC_493\Debug\CE95352 Blinking LED.a(CyLib.o)
 .debug_line    0x00003dae      0x381 .\ARM_GCC_493\Debug\CE95352 Blinking LED.a(cyPm.o)
 .debug_line    0x0000412f      0x28c .\ARM_GCC_493\Debug\CE95352 Blinking LED.a(LCD_SPI.o)
 .debug_line    0x000043bb       0xb2 .\ARM_GCC_493\Debug\CE95352 Blinking LED.a(LCD_SPI_INT.o)
 .debug_line    0x0000446d      0x1c4 .\ARM_GCC_493\Debug\CE95352 Blinking LED.a(LCD_SPI_IntClock.o)
 .debug_line    0x00004631      0x18f .\ARM_GCC_493\Debug\CE95352 Blinking LED.a(Systick_Counter.o)
 .debug_line    0x000047c0       0x97 .\ARM_GCC_493\Debug\CE95352 Blinking LED.a(LCD_DC.o)
 .debug_line    0x00004857       0x98 .\ARM_GCC_493\Debug\CE95352 Blinking LED.a(LCD_RST.o)
 .debug_line    0x000048ef      0x167 .\ARM_GCC_493\Debug\CE95352 Blinking LED.a(Systick_Timer.o)
 .debug_line    0x00004a56      0x207 .\ARM_GCC_493\Debug\CE95352 Blinking LED.a(CyFlash.o)
 .debug_line    0x00004c5d      0x217 .\ARM_GCC_493\Debug\CE95352 Blinking LED.a(CySpc.o)

.debug_frame    0x00000000     0x4240
 *(.debug_frame)
 .debug_frame   0x00000000       0x34 .\ARM_GCC_493\Debug\main.o
 .debug_frame   0x00000034     0x1e0c .\ARM_GCC_493\Debug\gfx_mk.o
 .debug_frame   0x00001e40      0x330 .\ARM_GCC_493\Debug\gdisp_lld_ILI9341.o
 .debug_frame   0x00002170       0x70 .\ARM_GCC_493\Debug\ugfx_raw32_implementations.o
 .debug_frame   0x000021e0       0xd8 .\ARM_GCC_493\Debug\Cm3Start.o
 .debug_frame   0x000022b8      0x160 .\ARM_GCC_493\Debug\CE95352 Blinking LED.a(cyfitter_cfg.o)
 .debug_frame   0x00002418      0xbe8 .\ARM_GCC_493\Debug\CE95352 Blinking LED.a(CyLib.o)
 .debug_frame   0x00003000      0x234 .\ARM_GCC_493\Debug\CE95352 Blinking LED.a(cyPm.o)
 .debug_frame   0x00003234      0x384 .\ARM_GCC_493\Debug\CE95352 Blinking LED.a(LCD_SPI.o)
 .debug_frame   0x000035b8       0x60 .\ARM_GCC_493\Debug\CE95352 Blinking LED.a(LCD_SPI_INT.o)
 .debug_frame   0x00003618      0x1b4 .\ARM_GCC_493\Debug\CE95352 Blinking LED.a(LCD_SPI_IntClock.o)
 .debug_frame   0x000037cc      0x258 .\ARM_GCC_493\Debug\CE95352 Blinking LED.a(Systick_Counter.o)
 .debug_frame   0x00003a24       0xa8 .\ARM_GCC_493\Debug\CE95352 Blinking LED.a(LCD_DC.o)
 .debug_frame   0x00003acc       0xa8 .\ARM_GCC_493\Debug\CE95352 Blinking LED.a(LCD_RST.o)
 .debug_frame   0x00003b74      0x208 .\ARM_GCC_493\Debug\CE95352 Blinking LED.a(Systick_Timer.o)
 .debug_frame   0x00003d7c      0x210 .\ARM_GCC_493\Debug\CE95352 Blinking LED.a(CyFlash.o)
 .debug_frame   0x00003f8c      0x1f8 .\ARM_GCC_493\Debug\CE95352 Blinking LED.a(CySpc.o)
 .debug_frame   0x00004184       0x20 c:/program files (x86)/cypress/psoc creator/3.3/psoc creator/import/gnu/arm/4.9.3/bin/../lib/gcc/arm-none-eabi/4.9.3/../../../../arm-none-eabi/lib/armv7-m\libg_nano.a(lib_a-errno.o)
 .debug_frame   0x000041a4       0x28 c:/program files (x86)/cypress/psoc creator/3.3/psoc creator/import/gnu/arm/4.9.3/bin/../lib/gcc/arm-none-eabi/4.9.3/../../../../arm-none-eabi/lib/armv7-m\libg_nano.a(lib_a-exit.o)
 .debug_frame   0x000041cc       0x2c c:/program files (x86)/cypress/psoc creator/3.3/psoc creator/import/gnu/arm/4.9.3/bin/../lib/gcc/arm-none-eabi/4.9.3/../../../../arm-none-eabi/lib/armv7-m\libg_nano.a(lib_a-init.o)
 .debug_frame   0x000041f8       0x28 c:/program files (x86)/cypress/psoc creator/3.3/psoc creator/import/gnu/arm/4.9.3/bin/../lib/gcc/arm-none-eabi/4.9.3/../../../../arm-none-eabi/lib/armv7-m\libg_nano.a(lib_a-memcpy.o)
 .debug_frame   0x00004220       0x20 c:/program files (x86)/cypress/psoc creator/3.3/psoc creator/import/gnu/arm/4.9.3/bin/../lib/gcc/arm-none-eabi/4.9.3/../../../../arm-none-eabi/lib/armv7-m\libg_nano.a(lib_a-memset.o)

.debug_str      0x00000000     0x3775
 *(.debug_str)
 .debug_str     0x00000000      0x2b9 .\ARM_GCC_493\Debug\main.o
                                0x312 (size before relaxing)
 .debug_str     0x000002b9     0x1805 .\ARM_GCC_493\Debug\gfx_mk.o
                               0x1c87 (size before relaxing)
 .debug_str     0x00001abe      0x17d .\ARM_GCC_493\Debug\gdisp_lld_ILI9341.o
                                0x5d3 (size before relaxing)
 .debug_str     0x00001c3b       0x4f .\ARM_GCC_493\Debug\ugfx_raw32_implementations.o
                                0x20b (size before relaxing)
 .debug_str     0x00001c8a       0x7d .\ARM_GCC_493\Debug\cymetadata.o
                                0x200 (size before relaxing)
 .debug_str     0x00001d07      0x126 .\ARM_GCC_493\Debug\Cm3Start.o
                                0x2e1 (size before relaxing)
 .debug_str     0x00001e2d      0x182 .\ARM_GCC_493\Debug\CE95352 Blinking LED.a(cyfitter_cfg.o)
                                0x329 (size before relaxing)
 .debug_str     0x00001faf      0x7c9 .\ARM_GCC_493\Debug\CE95352 Blinking LED.a(CyLib.o)
                                0x9dc (size before relaxing)
 .debug_str     0x00002778      0x367 .\ARM_GCC_493\Debug\CE95352 Blinking LED.a(cyPm.o)
                                0x541 (size before relaxing)
 .debug_str     0x00002adf      0x32f .\ARM_GCC_493\Debug\CE95352 Blinking LED.a(LCD_SPI.o)
                                0x4e0 (size before relaxing)
 .debug_str     0x00002e0e       0x45 .\ARM_GCC_493\Debug\CE95352 Blinking LED.a(LCD_SPI_INT.o)
                                0x2ac (size before relaxing)
 .debug_str     0x00002e53      0x1d0 .\ARM_GCC_493\Debug\CE95352 Blinking LED.a(LCD_SPI_IntClock.o)
                                0x370 (size before relaxing)
 .debug_str     0x00003023      0x250 .\ARM_GCC_493\Debug\CE95352 Blinking LED.a(Systick_Counter.o)
                                0x3f3 (size before relaxing)
 .debug_str     0x00003273       0x6d .\ARM_GCC_493\Debug\CE95352 Blinking LED.a(LCD_DC.o)
                                0x1fd (size before relaxing)
 .debug_str     0x000032e0       0x67 .\ARM_GCC_493\Debug\CE95352 Blinking LED.a(LCD_RST.o)
                                0x202 (size before relaxing)
 .debug_str     0x00003347      0x1cd .\ARM_GCC_493\Debug\CE95352 Blinking LED.a(Systick_Timer.o)
                                0x37f (size before relaxing)
 .debug_str     0x00003514      0x140 .\ARM_GCC_493\Debug\CE95352 Blinking LED.a(CyFlash.o)
                                0x300 (size before relaxing)
 .debug_str     0x00003654      0x121 .\ARM_GCC_493\Debug\CE95352 Blinking LED.a(CySpc.o)
                                0x2fd (size before relaxing)

.debug_loc
 *(.debug_loc)

.debug_macinfo
 *(.debug_macinfo)

.debug_ranges   0x00000000      0xde0
 *(.debug_ranges)
 .debug_ranges  0x00000000       0x10 .\ARM_GCC_493\Debug\main.o
 .debug_ranges  0x00000010      0x608 .\ARM_GCC_493\Debug\gfx_mk.o
 .debug_ranges  0x00000618       0xa8 .\ARM_GCC_493\Debug\gdisp_lld_ILI9341.o
 .debug_ranges  0x000006c0       0x20 .\ARM_GCC_493\Debug\ugfx_raw32_implementations.o
 .debug_ranges  0x000006e0       0x38 .\ARM_GCC_493\Debug\Cm3Start.o
 .debug_ranges  0x00000718       0x50 .\ARM_GCC_493\Debug\CE95352 Blinking LED.a(cyfitter_cfg.o)
 .debug_ranges  0x00000768      0x288 .\ARM_GCC_493\Debug\CE95352 Blinking LED.a(CyLib.o)
 .debug_ranges  0x000009f0       0x88 .\ARM_GCC_493\Debug\CE95352 Blinking LED.a(cyPm.o)
 .debug_ranges  0x00000a78       0xc8 .\ARM_GCC_493\Debug\CE95352 Blinking LED.a(LCD_SPI.o)
 .debug_ranges  0x00000b40       0x18 .\ARM_GCC_493\Debug\CE95352 Blinking LED.a(LCD_SPI_INT.o)
 .debug_ranges  0x00000b58       0x60 .\ARM_GCC_493\Debug\CE95352 Blinking LED.a(LCD_SPI_IntClock.o)
 .debug_ranges  0x00000bb8       0x88 .\ARM_GCC_493\Debug\CE95352 Blinking LED.a(Systick_Counter.o)
 .debug_ranges  0x00000c40       0x28 .\ARM_GCC_493\Debug\CE95352 Blinking LED.a(LCD_DC.o)
 .debug_ranges  0x00000c68       0x28 .\ARM_GCC_493\Debug\CE95352 Blinking LED.a(LCD_RST.o)
 .debug_ranges  0x00000c90       0x78 .\ARM_GCC_493\Debug\CE95352 Blinking LED.a(Systick_Timer.o)
 .debug_ranges  0x00000d08       0x70 .\ARM_GCC_493\Debug\CE95352 Blinking LED.a(CyFlash.o)
 .debug_ranges  0x00000d78       0x68 .\ARM_GCC_493\Debug\CE95352 Blinking LED.a(CySpc.o)

.comment        0x00000000       0x70
 .comment       0x00000000       0x70 .\ARM_GCC_493\Debug\main.o
                                 0x71 (size before relaxing)
 .comment       0x00000000       0x71 .\ARM_GCC_493\Debug\gfx_mk.o
 .comment       0x00000000       0x71 .\ARM_GCC_493\Debug\gdisp_lld_ILI9341.o
 .comment       0x00000000       0x71 .\ARM_GCC_493\Debug\ugfx_raw32_implementations.o
 .comment       0x00000000       0x71 .\ARM_GCC_493\Debug\cymetadata.o
 .comment       0x00000000       0x71 .\ARM_GCC_493\Debug\Cm3Start.o
 .comment       0x00000000       0x71 .\ARM_GCC_493\Debug\CE95352 Blinking LED.a(cyfitter_cfg.o)
 .comment       0x00000000       0x71 .\ARM_GCC_493\Debug\CE95352 Blinking LED.a(CyLib.o)
 .comment       0x00000000       0x71 .\ARM_GCC_493\Debug\CE95352 Blinking LED.a(cyPm.o)
 .comment       0x00000000       0x71 .\ARM_GCC_493\Debug\CE95352 Blinking LED.a(LCD_SPI.o)
 .comment       0x00000000       0x71 .\ARM_GCC_493\Debug\CE95352 Blinking LED.a(LCD_SPI_INT.o)
 .comment       0x00000000       0x71 .\ARM_GCC_493\Debug\CE95352 Blinking LED.a(LCD_SPI_IntClock.o)
 .comment       0x00000000       0x71 .\ARM_GCC_493\Debug\CE95352 Blinking LED.a(Systick_Counter.o)
 .comment       0x00000000       0x71 .\ARM_GCC_493\Debug\CE95352 Blinking LED.a(LCD_DC.o)
 .comment       0x00000000       0x71 .\ARM_GCC_493\Debug\CE95352 Blinking LED.a(LCD_RST.o)
 .comment       0x00000000       0x71 .\ARM_GCC_493\Debug\CE95352 Blinking LED.a(Systick_Timer.o)
 .comment       0x00000000       0x71 .\ARM_GCC_493\Debug\CE95352 Blinking LED.a(CyFlash.o)
 .comment       0x00000000       0x71 .\ARM_GCC_493\Debug\CE95352 Blinking LED.a(CySpc.o)

.debug_weaknames
 *(.debug_weaknames)

.debug_funcnames
 *(.debug_funcnames)

.debug_typenames
 *(.debug_typenames)

.debug_varnames
 *(.debug_varnames)

.note.gnu.arm.ident
 *(.note.gnu.arm.ident)

.ARM.attributes
                0x00000000       0x29
 *(.ARM.attributes)
 .ARM.attributes
                0x00000000       0x1d c:/program files (x86)/cypress/psoc creator/3.3/psoc creator/import/gnu/arm/4.9.3/bin/../lib/gcc/arm-none-eabi/4.9.3/armv7-m/crti.o
 .ARM.attributes
                0x0000001d       0x2d c:/program files (x86)/cypress/psoc creator/3.3/psoc creator/import/gnu/arm/4.9.3/bin/../lib/gcc/arm-none-eabi/4.9.3/armv7-m/crtbegin.o
 .ARM.attributes
                0x0000004a       0x1b c:/program files (x86)/cypress/psoc creator/3.3/psoc creator/import/gnu/arm/4.9.3/bin/../lib/gcc/arm-none-eabi/4.9.3/../../../../arm-none-eabi/lib/armv7-m/crt0.o
 .ARM.attributes
                0x00000065       0x33 .\ARM_GCC_493\Debug\main.o
 .ARM.attributes
                0x00000098       0x33 .\ARM_GCC_493\Debug\gfx_mk.o
 .ARM.attributes
                0x000000cb       0x33 .\ARM_GCC_493\Debug\gdisp_lld_ILI9341.o
 .ARM.attributes
                0x000000fe       0x33 .\ARM_GCC_493\Debug\ugfx_raw32_implementations.o
 .ARM.attributes
                0x00000131       0x33 .\ARM_GCC_493\Debug\cymetadata.o
 .ARM.attributes
                0x00000164       0x33 .\ARM_GCC_493\Debug\Cm3Start.o
 .ARM.attributes
                0x00000197       0x33 .\ARM_GCC_493\Debug\CE95352 Blinking LED.a(cyfitter_cfg.o)
 .ARM.attributes
                0x000001ca       0x21 .\ARM_GCC_493\Debug\CE95352 Blinking LED.a(CyBootAsmGnu.o)
 .ARM.attributes
                0x000001eb       0x33 .\ARM_GCC_493\Debug\CE95352 Blinking LED.a(CyLib.o)
 .ARM.attributes
                0x0000021e       0x33 .\ARM_GCC_493\Debug\CE95352 Blinking LED.a(cyPm.o)
 .ARM.attributes
                0x00000251       0x33 .\ARM_GCC_493\Debug\CE95352 Blinking LED.a(LCD_SPI.o)
 .ARM.attributes
                0x00000284       0x33 .\ARM_GCC_493\Debug\CE95352 Blinking LED.a(LCD_SPI_INT.o)
 .ARM.attributes
                0x000002b7       0x33 .\ARM_GCC_493\Debug\CE95352 Blinking LED.a(LCD_SPI_IntClock.o)
 .ARM.attributes
                0x000002ea       0x33 .\ARM_GCC_493\Debug\CE95352 Blinking LED.a(Systick_Counter.o)
 .ARM.attributes
                0x0000031d       0x33 .\ARM_GCC_493\Debug\CE95352 Blinking LED.a(LCD_DC.o)
 .ARM.attributes
                0x00000350       0x33 .\ARM_GCC_493\Debug\CE95352 Blinking LED.a(LCD_RST.o)
 .ARM.attributes
                0x00000383       0x33 .\ARM_GCC_493\Debug\CE95352 Blinking LED.a(Systick_Timer.o)
 .ARM.attributes
                0x000003b6       0x33 .\ARM_GCC_493\Debug\CE95352 Blinking LED.a(CyFlash.o)
 .ARM.attributes
                0x000003e9       0x33 .\ARM_GCC_493\Debug\CE95352 Blinking LED.a(CySpc.o)
 .ARM.attributes
                0x0000041c       0x2d c:/program files (x86)/cypress/psoc creator/3.3/psoc creator/import/gnu/arm/4.9.3/bin/../lib/gcc/arm-none-eabi/4.9.3/../../../../arm-none-eabi/lib/armv7-m\libg_nano.a(lib_a-errno.o)
 .ARM.attributes
                0x00000449       0x2d c:/program files (x86)/cypress/psoc creator/3.3/psoc creator/import/gnu/arm/4.9.3/bin/../lib/gcc/arm-none-eabi/4.9.3/../../../../arm-none-eabi/lib/armv7-m\libg_nano.a(lib_a-exit.o)
 .ARM.attributes
                0x00000476       0x2d c:/program files (x86)/cypress/psoc creator/3.3/psoc creator/import/gnu/arm/4.9.3/bin/../lib/gcc/arm-none-eabi/4.9.3/../../../../arm-none-eabi/lib/armv7-m\libg_nano.a(lib_a-impure.o)
 .ARM.attributes
                0x000004a3       0x2d c:/program files (x86)/cypress/psoc creator/3.3/psoc creator/import/gnu/arm/4.9.3/bin/../lib/gcc/arm-none-eabi/4.9.3/../../../../arm-none-eabi/lib/armv7-m\libg_nano.a(lib_a-init.o)
 .ARM.attributes
                0x000004d0       0x2d c:/program files (x86)/cypress/psoc creator/3.3/psoc creator/import/gnu/arm/4.9.3/bin/../lib/gcc/arm-none-eabi/4.9.3/../../../../arm-none-eabi/lib/armv7-m\libg_nano.a(lib_a-memcpy.o)
 .ARM.attributes
                0x000004fd       0x2d c:/program files (x86)/cypress/psoc creator/3.3/psoc creator/import/gnu/arm/4.9.3/bin/../lib/gcc/arm-none-eabi/4.9.3/../../../../arm-none-eabi/lib/armv7-m\libg_nano.a(lib_a-memset.o)
 .ARM.attributes
                0x0000052a       0x1b c:/program files (x86)/cypress/psoc creator/3.3/psoc creator/import/gnu/arm/4.9.3/bin/../lib/gcc/arm-none-eabi/4.9.3/../../../../arm-none-eabi/lib/armv7-m\libg_nano.a(lib_a-strcmp.o)
 .ARM.attributes
                0x00000545       0x2d c:/program files (x86)/cypress/psoc creator/3.3/psoc creator/import/gnu/arm/4.9.3/bin/../lib/gcc/arm-none-eabi/4.9.3/armv7-m/crtend.o
 .ARM.attributes
                0x00000572       0x1d c:/program files (x86)/cypress/psoc creator/3.3/psoc creator/import/gnu/arm/4.9.3/bin/../lib/gcc/arm-none-eabi/4.9.3/armv7-m/crtn.o

/DISCARD/
 *(.note.GNU-stack)
OUTPUT(.\ARM_GCC_493\Debug\CE95352 Blinking LED.elf elf32-littlearm)
